Dec 21 23:26:20 LabSZ sshd[20988]: input_userauth_request: invalid user inspur [preauth]
Dec 21 23:26:20 LabSZ sshd[20988]: pam_unix(sshd:auth): check pass; user unknown
Dec 21 23:26:20 LabSZ sshd[20988]: pam_unix(sshd:auth): authentication failure; logname= uid=0 euid=0 tty=ssh ruser= rhost=183.136.162.51 
Dec 21 23:26:23 LabSZ sshd[20988]: Failed password for invalid user inspur from 183.136.162.51 port 61388 ssh2
Dec 21 23:26:23 LabSZ sshd[20988]: Received disconnect from 183.136.162.51: 11: Bye Bye [preauth]
Dec 21 23:37:23 LabSZ sshd[20780]: pam_unix(sshd:session): session closed for user hxu
Dec 21 23:38:04 LabSZ sshd[20751]: Received disconnect from 119.137.62.123: 11: disconnected by user
Dec 21 23:38:04 LabSZ sshd[20679]: pam_unix(sshd:session): session closed for user fztu
Dec 21 23:41:07 LabSZ sshd[21008]: Invalid user manager from 115.71.16.143
Dec 21 23:41:07 LabSZ sshd[21008]: input_userauth_request: invalid user manager [preauth]
Dec 21 23:41:07 LabSZ sshd[21008]: pam_unix(sshd:auth): check pass; user unknown
Dec 21 23:41:07 LabSZ sshd[21008]: pam_unix(sshd:auth): authentication failure; logname= uid=0 euid=0 tty=ssh ruser= rhost=115.71.16.143 
Dec 21 23:41:09 LabSZ sshd[21008]: Failed password for invalid user manager from 115.71.16.143 port 35905 ssh2
Dec 21 23:41:09 LabSZ sshd[21008]: Received disconnect from 115.71.16.143: 11: Bye Bye [preauth]
Dec 21 23:42:08 LabSZ sshd[21010]: Accepted password for hxu from 111.222.107.90 port 43009 ssh2
Dec 21 23:42:08 LabSZ sshd[21010]: pam_unix(sshd:session): session opened for user hxu by (uid=0)
Dec 21 23:43:05 LabSZ sshd[21110]: Did not receive identification string from 5.188.10.182
Dec 21 23:43:50 LabSZ sshd[21111]: pam_unix(sshd:auth): authentication failure; logname= uid=0 euid=0 tty=ssh ruser= rhost=114.112.48.155  user=root
Dec 21 23:43:52 LabSZ sshd[21111]: Failed password for root from 114.112.48.155 port 56398 ssh2
Dec 21 23:43:52 LabSZ sshd[21111]: Received disconnect from 114.112.48.155: 11: Bye Bye [preauth]
Dec 21 23:43:53 LabSZ sshd[21113]: pam_unix(sshd:auth): authentication failure; logname= uid=0 euid=0 tty=ssh ruser= rhost=114.112.48.155  user=root
Dec 21 23:43:55 LabSZ sshd[21113]: Failed password for root from 114.112.48.155 port 58287 ssh2
Dec 21 23:43:56 LabSZ sshd[21113]: Received disconnect from 114.112.48.155: 11: Bye Bye [preauth]
Dec 21 23:43:58 LabSZ sshd[21115]: pam_unix(sshd:auth): authentication failure; logname= uid=0 euid=0 tty=ssh ruser= rhost=114.112.48.155  user=root
Dec 21 23:44:00 LabSZ sshd[21115]: Failed password for root from 114.112.48.155 port 59904 ssh2
Dec 21 23:44:00 LabSZ sshd[21115]: Received disconnect from 114.112.48.155: 11: Bye Bye [preauth]
Dec 21 23:44:02 LabSZ sshd[21117]: pam_unix(sshd:auth): authentication failure; logname= uid=0 euid=0 tty=ssh ruser= rhost=114.112.48.155  user=root
Dec 21 23:44:04 LabSZ sshd[21117]: Failed password for root from 114.112.48.155 port 33731 ssh2
Dec 21 23:44:05 LabSZ sshd[21117]: Received disconnect from 114.112.48.155: 11: Bye Bye [preauth]
Dec 21 23:44:06 LabSZ sshd[21119]: pam_unix(sshd:auth): authentication failure; logname= uid=0 euid=0 tty=ssh ruser= rhost=114.112.48.155  user=root
Dec 21 23:44:08 LabSZ sshd[21119]: Failed password for root from 114.112.48.155 port 35749 ssh2
Dec 21 23:44:08 LabSZ sshd[21119]: Received disconnect from 114.112.48.155: 11: Bye Bye [preauth]
Dec 21 23:44:10 LabSZ sshd[21121]: pam_unix(sshd:auth): authentication failure; logname= uid=0 euid=0 tty=ssh ruser= rhost=114.112.48.155  user=root
Dec 21 23:44:11 LabSZ sshd[21121]: Failed password for root from 114.112.48.155 port 37299 ssh2
Dec 21 23:44:11 LabSZ sshd[21121]: Received disconnect from 114.112.48.155: 11: Bye Bye [preauth]
Dec 21 23:44:13 LabSZ sshd[21123]: pam_unix(sshd:auth): authentication failure; logname= uid=0 euid=0 tty=ssh ruser= rhost=114.112.48.155  user=root
Dec 21 23:44:14 LabSZ sshd[21123]: Failed password for root from 114.112.48.155 port 38561 ssh2
Dec 21 23:44:14 LabSZ sshd[21123]: Received disconnect from 114.112.48.155: 11: Bye Bye [preauth]
Dec 21 23:44:16 LabSZ sshd[21125]: pam_unix(sshd:auth): authentication failure; logname= uid=0 euid=0 tty=ssh ruser= rhost=114.112.48.155  user=root
Dec 21 23:44:18 LabSZ sshd[21125]: Failed password for root from 114.112.48.155 port 39882 ssh2
Dec 21 23:44:18 LabSZ sshd[21125]: Received disconnect from 114.112.48.155: 11: Bye Bye [preauth]
Dec 21 23:44:20 LabSZ sshd[21127]: pam_unix(sshd:auth): authentication failure; logname= uid=0 euid=0 tty=ssh ruser= rhost=114.112.48.155  user=root
Dec 21 23:44:22 LabSZ sshd[21127]: Failed password for root from 114.112.48.155 port 41556 ssh2
Dec 21 23:44:22 LabSZ sshd[21127]: Received disconnect from 114.112.48.155: 11: Bye Bye [preauth]
Dec 21 23:44:23 LabSZ sshd[21129]: pam_unix(sshd:auth): authentication failure; logname= uid=0 euid=0 tty=ssh ruser= rhost=114.112.48.155  user=root
Dec 21 23:44:25 LabSZ sshd[21129]: Failed password for root from 114.112.48.155 port 43204 ssh2
Dec 21 23:44:25 LabSZ sshd[21129]: Received disconnect from 114.112.48.155: 11: Bye Bye [preauth]
Dec 21 23:44:26 LabSZ sshd[21131]: pam_unix(sshd:auth): authentication failure; logname= uid=0 euid=0 tty=ssh ruser= rhost=114.112.48.155  user=root
Dec 21 23:44:28 LabSZ sshd[21131]: Failed password for root from 114.112.48.155 port 44497 ssh2
Dec 21 23:44:28 LabSZ sshd[21131]: Received disconnect from 114.112.48.155: 11: Bye Bye [preauth]
Dec 21 23:44:32 LabSZ sshd[21133]: pam_unix(sshd:auth): authentication failure; logname= uid=0 euid=0 tty=ssh ruser= rhost=114.112.48.155  user=root
Dec 21 23:44:34 LabSZ sshd[21133]: Failed password for root from 114.112.48.155 port 46204 ssh2
Dec 21 23:44:35 LabSZ sshd[21133]: Received disconnect from 114.112.48.155: 11: Bye Bye [preauth]
Dec 21 23:44:36 LabSZ sshd[21135]: pam_unix(sshd:auth): authentication failure; logname= uid=0 euid=0 tty=ssh ruser= rhost=114.112.48.155  user=root
Dec 21 23:44:37 LabSZ sshd[21135]: Failed password for root from 114.112.48.155 port 48900 ssh2
Dec 21 23:44:37 LabSZ sshd[21135]: Received disconnect from 114.112.48.155: 11: Bye Bye [preauth]
Dec 21 23:44:40 LabSZ sshd[21137]: pam_unix(sshd:auth): authentication failure; logname= uid=0 euid=0 tty=ssh ruser= rhost=114.112.48.155  user=root
Dec 21 23:44:42 LabSZ sshd[21137]: Failed password for root from 114.112.48.155 port 50081 ssh2
Dec 21 23:44:42 LabSZ sshd[21137]: Received disconnect from 114.112.48.155: 11: Bye Bye [preauth]
Dec 21 23:44:44 LabSZ sshd[21141]: pam_unix(sshd:auth): authentication failure; logname= uid=0 euid=0 tty=ssh ruser= rhost=114.112.48.155  user=root
Dec 21 23:44:44 LabSZ sshd[21139]: Invalid user chi from 202.92.128.175
Dec 21 23:44:44 LabSZ sshd[21139]: input_userauth_request: invalid user chi [preauth]
Dec 21 23:44:44 LabSZ sshd[21139]: pam_unix(sshd:auth): check pass; user unknown
Dec 21 23:44:44 LabSZ sshd[21139]: pam_unix(sshd:auth): authentication failure; logname= uid=0 euid=0 tty=ssh ruser= rhost=202.92.128.175 
Dec 21 23:44:46 LabSZ sshd[21141]: Failed password for root from 114.112.48.155 port 52234 ssh2
Dec 21 23:44:46 LabSZ sshd[21141]: Received disconnect from 114.112.48.155: 11: Bye Bye [preauth]
Dec 21 23:44:47 LabSZ sshd[21139]: Failed password for invalid user chi from 202.92.128.175 port 53422 ssh2
Dec 21 23:44:47 LabSZ sshd[21139]: Received disconnect from 202.92.128.175: 11: Bye Bye [preauth]
Dec 21 23:44:52 LabSZ sshd[21143]: pam_unix(sshd:auth): authentication failure; logname= uid=0 euid=0 tty=ssh ruser= rhost=114.112.48.155  user=root
Dec 21 23:44:54 LabSZ sshd[21143]: Failed password for root from 114.112.48.155 port 54015 ssh2
Dec 21 23:44:55 LabSZ sshd[21143]: Received disconnect from 114.112.48.155: 11: Bye Bye [preauth]
Dec 21 23:44:56 LabSZ sshd[21145]: pam_unix(sshd:auth): authentication failure; logname= uid=0 euid=0 tty=ssh ruser= rhost=114.112.48.155  user=root
Dec 21 23:44:58 LabSZ sshd[21145]: Failed password for root from 114.112.48.155 port 57918 ssh2
Dec 21 23:44:58 LabSZ sshd[21145]: Received disconnect from 114.112.48.155: 11: Bye Bye [preauth]
Dec 21 23:45:02 LabSZ sshd[21147]: pam_unix(sshd:auth): authentication failure; logname= uid=0 euid=0 tty=ssh ruser= rhost=114.112.48.155  user=root
Dec 21 23:45:04 LabSZ sshd[21147]: Failed password for root from 114.112.48.155 port 59452 ssh2
Dec 21 23:45:04 LabSZ sshd[21147]: Received disconnect from 114.112.48.155: 11: Bye Bye [preauth]
Dec 21 23:45:06 LabSZ sshd[21149]: pam_unix(sshd:auth): authentication failure; logname= uid=0 euid=0 tty=ssh ruser= rhost=114.112.48.155  user=root
Dec 21 23:45:08 LabSZ sshd[21149]: Failed password for root from 114.112.48.155 port 33835 ssh2
Dec 21 23:45:08 LabSZ sshd[21149]: Received disconnect from 114.112.48.155: 11: Bye Bye [preauth]
Dec 21 23:45:10 LabSZ sshd[21151]: pam_unix(sshd:auth): authentication failure; logname= uid=0 euid=0 tty=ssh ruser= rhost=114.112.48.155  user=root
Dec 21 23:45:11 LabSZ sshd[21151]: Failed password for root from 114.112.48.155 port 35636 ssh2
Dec 21 23:45:12 LabSZ sshd[21151]: Received disconnect from 114.112.48.155: 11: Bye Bye [preauth]
Dec 21 23:45:13 LabSZ sshd[21153]: pam_unix(sshd:auth): authentication failure; logname= uid=0 euid=0 tty=ssh ruser= rhost=114.112.48.155  user=root
Dec 21 23:45:15 LabSZ sshd[21153]: Failed password for root from 114.112.48.155 port 37172 ssh2
Dec 21 23:45:15 LabSZ sshd[21153]: Received disconnect from 114.112.48.155: 11: Bye Bye [preauth]
Dec 21 23:45:16 LabSZ sshd[21155]: pam_unix(sshd:auth): authentication failure; logname= uid=0 euid=0 tty=ssh ruser= rhost=114.112.48.155  user=root
Dec 21 23:45:18 LabSZ sshd[21155]: Failed password for root from 114.112.48.155 port 38638 ssh2
Dec 21 23:45:18 LabSZ sshd[21155]: Received disconnect from 114.112.48.155: 11: Bye Bye [preauth]
Dec 21 23:45:19 LabSZ sshd[21157]: pam_unix(sshd:auth): authentication failure; logname= uid=0 euid=0 tty=ssh ruser= rhost=114.112.48.155  user=root
Dec 21 23:45:21 LabSZ sshd[21157]: Failed password for root from 114.112.48.155 port 39941 ssh2
Dec 21 23:45:21 LabSZ sshd[21157]: Received disconnect from 114.112.48.155: 11: Bye Bye [preauth]
Dec 21 23:45:22 LabSZ sshd[21159]: pam_unix(sshd:auth): authentication failure; logname= uid=0 euid=0 tty=ssh ruser= rhost=114.112.48.155  user=root
Dec 21 23:45:24 LabSZ sshd[21159]: Failed password for root from 114.112.48.155 port 41416 ssh2
Dec 21 23:45:25 LabSZ sshd[21159]: Received disconnect from 114.112.48.155: 11: Bye Bye [preauth]
Dec 21 23:45:26 LabSZ sshd[21161]: pam_unix(sshd:auth): authentication failure; logname= uid=0 euid=0 tty=ssh ruser= rhost=114.112.48.155  user=root
Dec 21 23:45:28 LabSZ sshd[21161]: Failed password for root from 114.112.48.155 port 42992 ssh2
Dec 21 23:45:28 LabSZ sshd[21161]: Received disconnect from 114.112.48.155: 11: Bye Bye [preauth]
Dec 21 23:45:29 LabSZ sshd[21163]: pam_unix(sshd:auth): authentication failure; logname= uid=0 euid=0 tty=ssh ruser= rhost=114.112.48.155  user=root
Dec 21 23:45:31 LabSZ sshd[21163]: Failed password for root from 114.112.48.155 port 44661 ssh2
Dec 21 23:45:32 LabSZ sshd[21163]: Received disconnect from 114.112.48.155: 11: Bye Bye [preauth]
Dec 21 23:45:33 LabSZ sshd[21165]: pam_unix(sshd:auth): authentication failure; logname= uid=0 euid=0 tty=ssh ruser= rhost=114.112.48.155  user=root
Dec 21 23:45:35 LabSZ sshd[21165]: Failed password for root from 114.112.48.155 port 46140 ssh2
Dec 21 23:45:35 LabSZ sshd[21165]: Received disconnect from 114.112.48.155: 11: Bye Bye [preauth]
Dec 21 23:45:45 LabSZ sshd[21167]: Connection closed by 114.112.48.155 [preauth]
Dec 21 23:48:15 LabSZ sshd[21169]: Invalid user test2 from 122.224.69.34
Dec 21 23:48:15 LabSZ sshd[21169]: input_userauth_request: invalid user test2 [preauth]
Dec 21 23:48:15 LabSZ sshd[21169]: pam_unix(sshd:auth): check pass; user unknown
Dec 21 23:48:15 LabSZ sshd[21169]: pam_unix(sshd:auth): authentication failure; logname= uid=0 euid=0 tty=ssh ruser= rhost=122.224.69.34 
Dec 21 23:48:17 LabSZ sshd[21169]: Failed password for invalid user test2 from 122.224.69.34 port 60249 ssh2
Dec 21 23:48:17 LabSZ sshd[21169]: Received disconnect from 122.224.69.34: 11: Bye Bye [preauth]
Dec 21 23:50:43 LabSZ sshd[21171]: Accepted password for fztu from 119.137.62.123 port 56613 ssh2
Dec 21 23:50:43 LabSZ sshd[21171]: pam_unix(sshd:session): session opened for user fztu by (uid=0)
Dec 10 23:24:26 LabSZ sshd[20079]: Failed password for invalid user chena from 52.80.34.196 port 62214 ssh2
Dec 10 23:24:26 LabSZ sshd[20079]: Received disconnect from 52.80.34.196: 11: Bye Bye [preauth]
Dec 10 23:26:29 LabSZ sshd[20082]: Connection closed by 188.6.164.245 [preauth]
Dec 10 23:40:37 LabSZ sshd[20099]: Connection closed by 188.6.164.245 [preauth]
Dec 10 23:40:46 LabSZ sshd[20101]: pam_unix(sshd:auth): authentication failure; logname= uid=0 euid=0 tty=ssh ruser= rhost=h109-187-189-194.dyn.bashtel.ru  user=root
Dec 10 23:40:54 LabSZ sshd[20101]: Failed password for root from 109.187.189.194 port 58620 ssh2
Dec 10 23:41:07 LabSZ sshd[20101]: message repeated 5 times: [ Failed password for root from 109.187.189.194 port 58620 ssh2]
Dec 10 23:41:07 LabSZ sshd[20101]: Disconnecting: Too many authentication failures for root [preauth]
Dec 10 23:41:07 LabSZ sshd[20101]: PAM 5 more authentication failures; logname= uid=0 euid=0 tty=ssh ruser= rhost=h109-187-189-194.dyn.bashtel.ru  user=root
Dec 10 23:41:07 LabSZ sshd[20101]: PAM service(sshd) ignoring max retries; 6 > 3
Dec 10 23:42:40 LabSZ sshd[20103]: Invalid user butter from 87.120.255.141
Dec 10 23:42:40 LabSZ sshd[20103]: input_userauth_request: invalid user butter [preauth]
Dec 10 23:42:40 LabSZ sshd[20103]: pam_unix(sshd:auth): check pass; user unknown
Dec 10 23:42:40 LabSZ sshd[20103]: pam_unix(sshd:auth): authentication failure; logname= uid=0 euid=0 tty=ssh ruser= rhost=87.120.255.141 
Dec 10 23:42:42 LabSZ sshd[20103]: Failed password for invalid user butter from 87.120.255.141 port 60326 ssh2
Dec 10 23:42:43 LabSZ sshd[20103]: Received disconnect from 87.120.255.141: 11: Bye Bye [preauth]
Dec 10 23:42:45 LabSZ sshd[20106]: Invalid user noc from 87.120.255.141
Dec 10 23:42:45 LabSZ sshd[20106]: input_userauth_request: invalid user noc [preauth]
Dec 10 23:42:45 LabSZ sshd[20106]: pam_unix(sshd:auth): check pass; user unknown
Dec 10 23:42:45 LabSZ sshd[20106]: pam_unix(sshd:auth): authentication failure; logname= uid=0 euid=0 tty=ssh ruser= rhost=87.120.255.141 
Dec 10 23:42:47 LabSZ sshd[20106]: Failed password for invalid user noc from 87.120.255.141 port 35808 ssh2
Dec 10 23:42:48 LabSZ sshd[20106]: Received disconnect from 87.120.255.141: 11: Bye Bye [preauth]
Dec 10 23:42:51 LabSZ sshd[20108]: Invalid user ftpuser from 87.120.255.141
Dec 10 23:42:51 LabSZ sshd[20108]: input_userauth_request: invalid user ftpuser [preauth]
Dec 10 23:42:51 LabSZ sshd[20108]: pam_unix(sshd:auth): check pass; user unknown
Dec 10 23:42:51 LabSZ sshd[20108]: pam_unix(sshd:auth): authentication failure; logname= uid=0 euid=0 tty=ssh ruser= rhost=87.120.255.141 
Dec 10 23:42:52 LabSZ sshd[20108]: Failed password for invalid user ftpuser from 87.120.255.141 port 39262 ssh2
Dec 10 23:42:53 LabSZ sshd[20108]: Received disconnect from 87.120.255.141: 11: Bye Bye [preauth]
Dec 10 23:54:51 LabSZ sshd[20111]: Connection closed by 188.6.164.245 [preauth]
Dec 10 23:59:49 LabSZ sshd[20114]: pam_unix(sshd:auth): authentication failure; logname= uid=0 euid=0 tty=ssh ruser= rhost=123.157.138.165  user=root
Dec 10 23:59:51 LabSZ sshd[20114]: Failed password for root from 123.157.138.165 port 40780 ssh2
Dec 11 00:00:01 LabSZ sshd[20114]: message repeated 5 times: [ Failed password for root from 123.157.138.165 port 40780 ssh2]
Dec 11 00:00:01 LabSZ sshd[20114]: Disconnecting: Too many authentication failures for root [preauth]
Dec 11 00:00:01 LabSZ sshd[20114]: PAM 5 more authentication failures; logname= uid=0 euid=0 tty=ssh ruser= rhost=123.157.138.165  user=root
Dec 11 00:00:01 LabSZ sshd[20114]: PAM service(sshd) ignoring max retries; 6 > 3
Dec 11 00:09:09 LabSZ sshd[20131]: Connection closed by 188.6.164.245 [preauth]
Dec 11 00:11:30 LabSZ sshd[20133]: Invalid user packer from 58.42.244.194
Dec 11 00:11:30 LabSZ sshd[20133]: input_userauth_request: invalid user packer [preauth]
Dec 11 00:11:30 LabSZ sshd[20133]: pam_unix(sshd:auth): check pass; user unknown
Dec 11 00:11:30 LabSZ sshd[20133]: pam_unix(sshd:auth): authentication failure; logname= uid=0 euid=0 tty=ssh ruser= rhost=58.42.244.194 
Dec 11 00:11:32 LabSZ sshd[20133]: Failed password for invalid user packer from 58.42.244.194 port 49237 ssh2
Dec 11 00:11:32 LabSZ sshd[20133]: Received disconnect from 58.42.244.194: 11: Bye Bye [preauth]
Dec 11 00:11:32 LabSZ sshd[20135]: Invalid user packer from 58.42.244.194
Dec 11 00:11:32 LabSZ sshd[20135]: input_userauth_request: invalid user packer [preauth]
Dec 11 00:11:32 LabSZ sshd[20135]: pam_unix(sshd:auth): check pass; user unknown
Dec 11 00:11:32 LabSZ sshd[20135]: pam_unix(sshd:auth): authentication failure; logname= uid=0 euid=0 tty=ssh ruser= rhost=58.42.244.194 
Dec 11 00:11:34 LabSZ sshd[20135]: Failed password for invalid user packer from 58.42.244.194 port 14003 ssh2
Dec 11 00:11:34 LabSZ sshd[20135]: Received disconnect from 58.42.244.194: 11: Bye Bye [preauth]
Dec 11 00:11:34 LabSZ sshd[20137]: Invalid user packer from 58.42.244.194
Dec 11 00:11:34 LabSZ sshd[20137]: input_userauth_request: invalid user packer [preauth]
Dec 11 00:11:34 LabSZ sshd[20137]: pam_unix(sshd:auth): check pass; user unknown
Dec 11 00:11:34 LabSZ sshd[20137]: pam_unix(sshd:auth): authentication failure; logname= uid=0 euid=0 tty=ssh ruser= rhost=58.42.244.194 
Dec 11 00:11:36 LabSZ sshd[20137]: Failed password for invalid user packer from 58.42.244.194 port 9401 ssh2
Dec 11 00:11:36 LabSZ sshd[20137]: Received disconnect from 58.42.244.194: 11: Bye Bye [preauth]
Dec 11 00:11:37 LabSZ sshd[20139]: Invalid user packer from 58.42.244.194
Dec 11 00:11:37 LabSZ sshd[20139]: input_userauth_request: invalid user packer [preauth]
Dec 11 00:11:37 LabSZ sshd[20139]: pam_unix(sshd:auth): check pass; user unknown
Dec 11 00:11:37 LabSZ sshd[20139]: pam_unix(sshd:auth): authentication failure; logname= uid=0 euid=0 tty=ssh ruser= rhost=58.42.244.194 
Dec 11 00:11:39 LabSZ sshd[20139]: Failed password for invalid user packer from 58.42.244.194 port 2138 ssh2
Dec 11 00:11:39 LabSZ sshd[20139]: Received disconnect from 58.42.244.194: 11: Bye Bye [preauth]
Dec 11 00:11:39 LabSZ sshd[20141]: Invalid user packer from 58.42.244.194
Dec 11 00:11:39 LabSZ sshd[20141]: input_userauth_request: invalid user packer [preauth]
Dec 11 00:11:39 LabSZ sshd[20141]: pam_unix(sshd:auth): check pass; user unknown
Dec 11 00:11:39 LabSZ sshd[20141]: pam_unix(sshd:auth): authentication failure; logname= uid=0 euid=0 tty=ssh ruser= rhost=58.42.244.194 
Dec 11 00:11:41 LabSZ sshd[20141]: Failed password for invalid user packer from 58.42.244.194 port 45415 ssh2
Dec 11 00:11:41 LabSZ sshd[20141]: Received disconnect from 58.42.244.194: 11: Bye Bye [preauth]
Dec 11 00:11:42 LabSZ sshd[20143]: Invalid user packer from 58.42.244.194
Dec 11 00:11:42 LabSZ sshd[20143]: input_userauth_request: invalid user packer [preauth]
Dec 11 00:11:42 LabSZ sshd[20143]: pam_unix(sshd:auth): check pass; user unknown
Dec 11 00:11:42 LabSZ sshd[20143]: pam_unix(sshd:auth): authentication failure; logname= uid=0 euid=0 tty=ssh ruser= rhost=58.42.244.194 
Dec 11 00:11:44 LabSZ sshd[20143]: Failed password for invalid user packer from 58.42.244.194 port 23470 ssh2
Dec 11 00:11:44 LabSZ sshd[20143]: Received disconnect from 58.42.244.194: 11: Bye Bye [preauth]
Dec 11 00:11:46 LabSZ sshd[20145]: Invalid user packer from 58.42.244.194
Dec 11 00:11:46 LabSZ sshd[20145]: input_userauth_request: invalid user packer [preauth]
Dec 11 00:11:46 LabSZ sshd[20145]: pam_unix(sshd:auth): check pass; user unknown
Dec 11 00:11:46 LabSZ sshd[20145]: pam_unix(sshd:auth): authentication failure; logname= uid=0 euid=0 tty=ssh ruser= rhost=58.42.244.194 
Dec 11 00:11:48 LabSZ sshd[20145]: Failed password for invalid user packer from 58.42.244.194 port 42178 ssh2
Dec 11 00:11:48 LabSZ sshd[20145]: Received disconnect from 58.42.244.194: 11: Bye Bye [preauth]
Dec 11 00:11:51 LabSZ sshd[20147]: Invalid user packer from 58.42.244.194
Dec 11 00:11:51 LabSZ sshd[20147]: input_userauth_request: invalid user packer [preauth]
Dec 11 00:11:51 LabSZ sshd[20147]: pam_unix(sshd:auth): check pass; user unknown
Dec 11 00:11:51 LabSZ sshd[20147]: pam_unix(sshd:auth): authentication failure; logname= uid=0 euid=0 tty=ssh ruser= rhost=58.42.244.194 
Dec 11 00:11:54 LabSZ sshd[20147]: Failed password for invalid user packer from 58.42.244.194 port 48028 ssh2
Dec 11 00:11:54 LabSZ sshd[20147]: Received disconnect from 58.42.244.194: 11: Bye Bye [preauth]
Dec 11 00:11:54 LabSZ sshd[20149]: Invalid user packer from 58.42.244.194
Dec 11 00:11:54 LabSZ sshd[20149]: input_userauth_request: invalid user packer [preauth]
Dec 11 00:11:54 LabSZ sshd[20149]: pam_unix(sshd:auth): check pass; user unknown
Dec 11 00:11:54 LabSZ sshd[20149]: pam_unix(sshd:auth): authentication failure; logname= uid=0 euid=0 tty=ssh ruser= rhost=58.42.244.194 
Dec 11 00:11:56 LabSZ sshd[20149]: Failed password for invalid user packer from 58.42.244.194 port 46151 ssh2
Dec 11 00:11:56 LabSZ sshd[20149]: Received disconnect from 58.42.244.194: 11: Bye Bye [preauth]
Dec 11 00:11:56 LabSZ sshd[20151]: Invalid user packer from 58.42.244.194
Dec 11 00:11:56 LabSZ sshd[20151]: input_userauth_request: invalid user packer [preauth]
Dec 11 00:11:56 LabSZ sshd[20151]: pam_unix(sshd:auth): check pass; user unknown
Dec 11 00:11:56 LabSZ sshd[20151]: pam_unix(sshd:auth): authentication failure; logname= uid=0 euid=0 tty=ssh ruser= rhost=58.42.244.194 
Dec 11 00:11:58 LabSZ sshd[20151]: Failed password for invalid user packer from 58.42.244.194 port 33489 ssh2
Dec 11 00:11:58 LabSZ sshd[20151]: Received disconnect from 58.42.244.194: 11: Bye Bye [preauth]
Dec 11 00:11:58 LabSZ sshd[20153]: Invalid user packer from 58.42.244.194
Dec 11 00:11:58 LabSZ sshd[20153]: input_userauth_request: invalid user packer [preauth]
Dec 11 00:11:58 LabSZ sshd[20153]: pam_unix(sshd:auth): check pass; user unknown
Dec 11 00:11:58 LabSZ sshd[20153]: pam_unix(sshd:auth): authentication failure; logname= uid=0 euid=0 tty=ssh ruser= rhost=58.42.244.194 
Dec 11 00:12:00 LabSZ sshd[20153]: Failed password for invalid user packer from 58.42.244.194 port 33277 ssh2
Dec 11 00:12:00 LabSZ sshd[20153]: Received disconnect from 58.42.244.194: 11: Bye Bye [preauth]
Dec 11 00:12:00 LabSZ sshd[20155]: Invalid user packer from 58.42.244.194
Dec 11 00:12:00 LabSZ sshd[20155]: input_userauth_request: invalid user packer [preauth]
Dec 11 00:12:00 LabSZ sshd[20155]: pam_unix(sshd:auth): check pass; user unknown
Dec 11 00:12:00 LabSZ sshd[20155]: pam_unix(sshd:auth): authentication failure; logname= uid=0 euid=0 tty=ssh ruser= rhost=58.42.244.194 
Dec 11 00:12:03 LabSZ sshd[20155]: Failed password for invalid user packer from 58.42.244.194 port 54113 ssh2
Dec 11 00:12:03 LabSZ sshd[20155]: Received disconnect from 58.42.244.194: 11: Bye Bye [preauth]
Dec 11 00:12:03 LabSZ sshd[20157]: Invalid user packer from 58.42.244.194
Dec 11 00:12:03 LabSZ sshd[20157]: input_userauth_request: invalid user packer [preauth]
Dec 11 00:12:03 LabSZ sshd[20157]: pam_unix(sshd:auth): check pass; user unknown
Dec 11 00:12:03 LabSZ sshd[20157]: pam_unix(sshd:auth): authentication failure; logname= uid=0 euid=0 tty=ssh ruser= rhost=58.42.244.194 
Dec 11 00:12:05 LabSZ sshd[20157]: Failed password for invalid user packer from 58.42.244.194 port 11939 ssh2
Dec 11 00:12:05 LabSZ sshd[20157]: Received disconnect from 58.42.244.194: 11: Bye Bye [preauth]
Dec 11 00:12:06 LabSZ sshd[20159]: Invalid user packer from 58.42.244.194
Dec 11 00:12:06 LabSZ sshd[20159]: input_userauth_request: invalid user packer [preauth]
Dec 11 00:12:06 LabSZ sshd[20159]: pam_unix(sshd:auth): check pass; user unknown
Dec 11 00:12:06 LabSZ sshd[20159]: pam_unix(sshd:auth): authentication failure; logname= uid=0 euid=0 tty=ssh ruser= rhost=58.42.244.194 
Dec 11 00:12:08 LabSZ sshd[20159]: Failed password for invalid user packer from 58.42.244.194 port 62538 ssh2
Dec 11 00:12:08 LabSZ sshd[20159]: Received disconnect from 58.42.244.194: 11: Bye Bye [preauth]
Dec 11 00:12:09 LabSZ sshd[20161]: Invalid user packer from 58.42.244.194
Dec 11 00:12:09 LabSZ sshd[20161]: input_userauth_request: invalid user packer [preauth]
Dec 11 00:12:09 LabSZ sshd[20161]: pam_unix(sshd:auth): check pass; user unknown
Dec 11 00:12:09 LabSZ sshd[20161]: pam_unix(sshd:auth): authentication failure; logname= uid=0 euid=0 tty=ssh ruser= rhost=58.42.244.194 
Dec 11 00:12:11 LabSZ sshd[20161]: Failed password for invalid user packer from 58.42.244.194 port 40645 ssh2
Dec 11 00:12:11 LabSZ sshd[20161]: Received disconnect from 58.42.244.194: 11: Bye Bye [preauth]
Dec 11 00:12:11 LabSZ sshd[20163]: Invalid user packer from 58.42.244.194